Archive member included to satisfy reference by file (symbol)

c:/program files (x86)/atmel/studio/7.0/toolchain/avr8/avr8-gnu-toolchain/bin/../lib/gcc/avr/5.4.0/../../../../avr/lib/avr5\libm.a(addsf3.o)
                              HAL/LCD/LCD_prog.o (__subsf3)
c:/program files (x86)/atmel/studio/7.0/toolchain/avr8/avr8-gnu-toolchain/bin/../lib/gcc/avr/5.4.0/../../../../avr/lib/avr5\libm.a(addsf3x.o)
                              c:/program files (x86)/atmel/studio/7.0/toolchain/avr8/avr8-gnu-toolchain/bin/../lib/gcc/avr/5.4.0/../../../../avr/lib/avr5\libm.a(addsf3.o) (__addsf3x)
c:/program files (x86)/atmel/studio/7.0/toolchain/avr8/avr8-gnu-toolchain/bin/../lib/gcc/avr/5.4.0/../../../../avr/lib/avr5\libm.a(divsf3.o)
                              HAL/SERVO_MOTOR/SERVO_MOTOR_prog.o (__divsf3)
c:/program files (x86)/atmel/studio/7.0/toolchain/avr8/avr8-gnu-toolchain/bin/../lib/gcc/avr/5.4.0/../../../../avr/lib/avr5\libm.a(divsf3x.o)
                              c:/program files (x86)/atmel/studio/7.0/toolchain/avr8/avr8-gnu-toolchain/bin/../lib/gcc/avr/5.4.0/../../../../avr/lib/avr5\libm.a(divsf3.o) (__divsf3x)
c:/program files (x86)/atmel/studio/7.0/toolchain/avr8/avr8-gnu-toolchain/bin/../lib/gcc/avr/5.4.0/../../../../avr/lib/avr5\libm.a(fixunssfsi.o)
                              HAL/LCD/LCD_prog.o (__fixunssfsi)
c:/program files (x86)/atmel/studio/7.0/toolchain/avr8/avr8-gnu-toolchain/bin/../lib/gcc/avr/5.4.0/../../../../avr/lib/avr5\libm.a(floatsisf.o)
                              HAL/LCD/LCD_prog.o (__floatunsisf)
c:/program files (x86)/atmel/studio/7.0/toolchain/avr8/avr8-gnu-toolchain/bin/../lib/gcc/avr/5.4.0/../../../../avr/lib/avr5\libm.a(fp_inf.o)
                              c:/program files (x86)/atmel/studio/7.0/toolchain/avr8/avr8-gnu-toolchain/bin/../lib/gcc/avr/5.4.0/../../../../avr/lib/avr5\libm.a(addsf3x.o) (__fp_inf)
c:/program files (x86)/atmel/studio/7.0/toolchain/avr8/avr8-gnu-toolchain/bin/../lib/gcc/avr/5.4.0/../../../../avr/lib/avr5\libm.a(fp_nan.o)
                              c:/program files (x86)/atmel/studio/7.0/toolchain/avr8/avr8-gnu-toolchain/bin/../lib/gcc/avr/5.4.0/../../../../avr/lib/avr5\libm.a(addsf3x.o) (__fp_nan)
c:/program files (x86)/atmel/studio/7.0/toolchain/avr8/avr8-gnu-toolchain/bin/../lib/gcc/avr/5.4.0/../../../../avr/lib/avr5\libm.a(fp_pscA.o)
                              c:/program files (x86)/atmel/studio/7.0/toolchain/avr8/avr8-gnu-toolchain/bin/../lib/gcc/avr/5.4.0/../../../../avr/lib/avr5\libm.a(addsf3x.o) (__fp_pscA)
c:/program files (x86)/atmel/studio/7.0/toolchain/avr8/avr8-gnu-toolchain/bin/../lib/gcc/avr/5.4.0/../../../../avr/lib/avr5\libm.a(fp_pscB.o)
                              c:/program files (x86)/atmel/studio/7.0/toolchain/avr8/avr8-gnu-toolchain/bin/../lib/gcc/avr/5.4.0/../../../../avr/lib/avr5\libm.a(addsf3x.o) (__fp_pscB)
c:/program files (x86)/atmel/studio/7.0/toolchain/avr8/avr8-gnu-toolchain/bin/../lib/gcc/avr/5.4.0/../../../../avr/lib/avr5\libm.a(fp_round.o)
                              c:/program files (x86)/atmel/studio/7.0/toolchain/avr8/avr8-gnu-toolchain/bin/../lib/gcc/avr/5.4.0/../../../../avr/lib/avr5\libm.a(addsf3.o) (__fp_round)
c:/program files (x86)/atmel/studio/7.0/toolchain/avr8/avr8-gnu-toolchain/bin/../lib/gcc/avr/5.4.0/../../../../avr/lib/avr5\libm.a(fp_split3.o)
                              c:/program files (x86)/atmel/studio/7.0/toolchain/avr8/avr8-gnu-toolchain/bin/../lib/gcc/avr/5.4.0/../../../../avr/lib/avr5\libm.a(addsf3x.o) (__fp_split3)
c:/program files (x86)/atmel/studio/7.0/toolchain/avr8/avr8-gnu-toolchain/bin/../lib/gcc/avr/5.4.0/../../../../avr/lib/avr5\libm.a(fp_zero.o)
                              c:/program files (x86)/atmel/studio/7.0/toolchain/avr8/avr8-gnu-toolchain/bin/../lib/gcc/avr/5.4.0/../../../../avr/lib/avr5\libm.a(addsf3x.o) (__fp_zero)
c:/program files (x86)/atmel/studio/7.0/toolchain/avr8/avr8-gnu-toolchain/bin/../lib/gcc/avr/5.4.0/../../../../avr/lib/avr5\libm.a(mulsf3.o)
                              HAL/LCD/LCD_prog.o (__mulsf3)
c:/program files (x86)/atmel/studio/7.0/toolchain/avr8/avr8-gnu-toolchain/bin/../lib/gcc/avr/5.4.0/../../../../avr/lib/avr5\libm.a(mulsf3x.o)
                              c:/program files (x86)/atmel/studio/7.0/toolchain/avr8/avr8-gnu-toolchain/bin/../lib/gcc/avr/5.4.0/../../../../avr/lib/avr5\libm.a(mulsf3.o) (__mulsf3x)
c:/program files (x86)/atmel/studio/7.0/toolchain/avr8/avr8-gnu-toolchain/bin/../lib/gcc/avr/5.4.0/avr5\libgcc.a(_udivmodsi4.o)
                              HAL/ULTRASONIC/ULTRASONIC_prog.o (__udivmodsi4)
c:/program files (x86)/atmel/studio/7.0/toolchain/avr8/avr8-gnu-toolchain/bin/../lib/gcc/avr/5.4.0/avr5\libgcc.a(_exit.o)
                              C:/Program Files (x86)/Atmel/Studio/7.0/Packs/atmel/ATmega_DFP/1.7.374/gcc/dev/atmega32/avr5/crtatmega32.o (exit)
c:/program files (x86)/atmel/studio/7.0/toolchain/avr8/avr8-gnu-toolchain/bin/../lib/gcc/avr/5.4.0/avr5\libgcc.a(_copy_data.o)
                              APP/main.o (__do_copy_data)
c:/program files (x86)/atmel/studio/7.0/toolchain/avr8/avr8-gnu-toolchain/bin/../lib/gcc/avr/5.4.0/avr5\libgcc.a(_clear_bss.o)
                              MCAL/ADC/ADC_prog.o (__do_clear_bss)
c:/program files (x86)/atmel/studio/7.0/toolchain/avr8/avr8-gnu-toolchain/bin/../lib/gcc/avr/5.4.0/avr5\libgcc.a(_umulhisi3.o)
                              HAL/LCD/LCD_prog.o (__umulhisi3)

Discarded input sections

 .data          0x00000000        0x0 C:/Program Files (x86)/Atmel/Studio/7.0/Packs/atmel/ATmega_DFP/1.7.374/gcc/dev/atmega32/avr5/crtatmega32.o
 .bss           0x00000000        0x0 C:/Program Files (x86)/Atmel/Studio/7.0/Packs/atmel/ATmega_DFP/1.7.374/gcc/dev/atmega32/avr5/crtatmega32.o
 .text          0x00000000        0x0 APP/main.o
 .data          0x00000000        0x0 APP/main.o
 .bss           0x00000000        0x0 APP/main.o
 .text          0x00000000        0x0 HAL/BUZZER/BUZZER_prog.o
 .data          0x00000000        0x0 HAL/BUZZER/BUZZER_prog.o
 .bss           0x00000000        0x0 HAL/BUZZER/BUZZER_prog.o
 .text.BUZZER_voidOn
                0x00000000       0x22 HAL/BUZZER/BUZZER_prog.o
 .text.BUZZER_voidOff
                0x00000000       0x16 HAL/BUZZER/BUZZER_prog.o
 .debug_info    0x00000000      0x166 HAL/BUZZER/BUZZER_prog.o
 .debug_abbrev  0x00000000       0xb2 HAL/BUZZER/BUZZER_prog.o
 .debug_loc     0x00000000       0x4e HAL/BUZZER/BUZZER_prog.o
 .debug_aranges
                0x00000000       0x28 HAL/BUZZER/BUZZER_prog.o
 .debug_ranges  0x00000000       0x18 HAL/BUZZER/BUZZER_prog.o
 .debug_line    0x00000000      0x114 HAL/BUZZER/BUZZER_prog.o
 .debug_str     0x00000000      0x1db HAL/BUZZER/BUZZER_prog.o
 .comment       0x00000000       0x31 HAL/BUZZER/BUZZER_prog.o
 .debug_frame   0x00000000       0x3c HAL/BUZZER/BUZZER_prog.o
 .text          0x00000000        0x0 HAL/DC_MOTOR/DC_MOTOR_prog.o
 .data          0x00000000        0x0 HAL/DC_MOTOR/DC_MOTOR_prog.o
 .bss           0x00000000        0x0 HAL/DC_MOTOR/DC_MOTOR_prog.o
 .text.DC_MOTOR_voidCW
                0x00000000       0x7c HAL/DC_MOTOR/DC_MOTOR_prog.o
 .text.DC_MOTOR_voidACW
                0x00000000       0x7c HAL/DC_MOTOR/DC_MOTOR_prog.o
 .text.DC_MOTOR_voidStop
                0x00000000       0x76 HAL/DC_MOTOR/DC_MOTOR_prog.o
 .text.DC_MOTOR_voidMoveBackward_1
                0x00000000       0x40 HAL/DC_MOTOR/DC_MOTOR_prog.o
 .text.DC_MOTOR_voidMoveBackward_2
                0x00000000       0x40 HAL/DC_MOTOR/DC_MOTOR_prog.o
 .text          0x00000000        0x0 HAL/EEPROM/EEPROM_prog.o
 .data          0x00000000        0x0 HAL/EEPROM/EEPROM_prog.o
 .bss           0x00000000        0x0 HAL/EEPROM/EEPROM_prog.o
 .text.EEPROM_voidSendData
                0x00000000       0x3c HAL/EEPROM/EEPROM_prog.o
 .text.EEPROM_voidSendPage
                0x00000000       0x56 HAL/EEPROM/EEPROM_prog.o
 .text.EEPROM_u8ReceiveData
                0x00000000       0x4a HAL/EEPROM/EEPROM_prog.o
 .debug_info    0x00000000      0x3b7 HAL/EEPROM/EEPROM_prog.o
 .debug_abbrev  0x00000000      0x16a HAL/EEPROM/EEPROM_prog.o
 .debug_loc     0x00000000      0x2dc HAL/EEPROM/EEPROM_prog.o
 .debug_aranges
                0x00000000       0x30 HAL/EEPROM/EEPROM_prog.o
 .debug_ranges  0x00000000       0x20 HAL/EEPROM/EEPROM_prog.o
 .debug_line    0x00000000      0x25e HAL/EEPROM/EEPROM_prog.o
 .debug_str     0x00000000      0x348 HAL/EEPROM/EEPROM_prog.o
 .comment       0x00000000       0x31 HAL/EEPROM/EEPROM_prog.o
 .debug_frame   0x00000000       0x8c HAL/EEPROM/EEPROM_prog.o
 .text          0x00000000        0x0 HAL/Keypad/KEYPAD_prog.o
 .data          0x00000000        0x0 HAL/Keypad/KEYPAD_prog.o
 .bss           0x00000000        0x0 HAL/Keypad/KEYPAD_prog.o
 .text.KEYPAD_voidInit
                0x00000000       0xa4 HAL/Keypad/KEYPAD_prog.o
 .text.KEYPAD_u8GetKey
                0x00000000       0xf6 HAL/Keypad/KEYPAD_prog.o
 .data.KEYPAD_ARR
                0x00000000       0x10 HAL/Keypad/KEYPAD_prog.o
 .debug_info    0x00000000      0x300 HAL/Keypad/KEYPAD_prog.o
 .debug_abbrev  0x00000000      0x15b HAL/Keypad/KEYPAD_prog.o
 .debug_loc     0x00000000      0x21e HAL/Keypad/KEYPAD_prog.o
 .debug_aranges
                0x00000000       0x28 HAL/Keypad/KEYPAD_prog.o
 .debug_ranges  0x00000000       0x18 HAL/Keypad/KEYPAD_prog.o
 .debug_line    0x00000000      0x264 HAL/Keypad/KEYPAD_prog.o
 .debug_str     0x00000000      0x281 HAL/Keypad/KEYPAD_prog.o
 .comment       0x00000000       0x31 HAL/Keypad/KEYPAD_prog.o
 .debug_frame   0x00000000       0x90 HAL/Keypad/KEYPAD_prog.o
 .text          0x00000000        0x0 HAL/LCD/LCD_prog.o
 .data          0x00000000        0x0 HAL/LCD/LCD_prog.o
 .bss           0x00000000        0x0 HAL/LCD/LCD_prog.o
 .text.LCD_voidSendHalfData
                0x00000000       0x64 HAL/LCD/LCD_prog.o
 .text.LCD_voidSendEnablePulse
                0x00000000       0x22 HAL/LCD/LCD_prog.o
 .text.LCD_voidSendCommand
                0x00000000       0x34 HAL/LCD/LCD_prog.o
 .text.LCD_voidInit
                0x00000000       0x3e HAL/LCD/LCD_prog.o
 .text.LCD_voidSendData
                0x00000000       0x34 HAL/LCD/LCD_prog.o
 .text.LCD_voidSendString
                0x00000000       0x26 HAL/LCD/LCD_prog.o
 .text.LCD_voidSendNum
                0x00000000       0xc0 HAL/LCD/LCD_prog.o
 .text.LCD_voidSendFloatingNum
                0x00000000       0x6a HAL/LCD/LCD_prog.o
 .rodata.str1.1
                0x00000000       0x12 HAL/LCD/LCD_prog.o
 .text.LCD_voidGoto
                0x00000000       0x1e HAL/LCD/LCD_prog.o
 .text.LCD_voidDrawData
                0x00000000       0x54 HAL/LCD/LCD_prog.o
 .text.LCD_voidClearScreen
                0x00000000        0x8 HAL/LCD/LCD_prog.o
 .debug_info    0x00000000      0x704 HAL/LCD/LCD_prog.o
 .debug_abbrev  0x00000000      0x197 HAL/LCD/LCD_prog.o
 .debug_loc     0x00000000      0x6aa HAL/LCD/LCD_prog.o
 .debug_aranges
                0x00000000       0x70 HAL/LCD/LCD_prog.o
 .debug_ranges  0x00000000       0x60 HAL/LCD/LCD_prog.o
 .debug_line    0x00000000      0x3f8 HAL/LCD/LCD_prog.o
 .debug_str     0x00000000      0x377 HAL/LCD/LCD_prog.o
 .comment       0x00000000       0x31 HAL/LCD/LCD_prog.o
 .debug_frame   0x00000000      0x164 HAL/LCD/LCD_prog.o
 .text          0x00000000        0x0 HAL/LED/LED_prog.o
 .data          0x00000000        0x0 HAL/LED/LED_prog.o
 .bss           0x00000000        0x0 HAL/LED/LED_prog.o
 .text.LED_voidOn
                0x00000000       0x1e HAL/LED/LED_prog.o
 .text.LED_voidToggle
                0x00000000       0x1c HAL/LED/LED_prog.o
 .text          0x00000000        0x0 HAL/SERVO_MOTOR/SERVO_MOTOR_prog.o
 .data          0x00000000        0x0 HAL/SERVO_MOTOR/SERVO_MOTOR_prog.o
 .bss           0x00000000        0x0 HAL/SERVO_MOTOR/SERVO_MOTOR_prog.o
 .text          0x00000000        0x0 HAL/SSD/SSD_prog.o
 .data          0x00000000        0x0 HAL/SSD/SSD_prog.o
 .bss           0x00000000        0x0 HAL/SSD/SSD_prog.o
 .text.SSD_voidSendNum
                0x00000000       0x1c HAL/SSD/SSD_prog.o
 .text.SSD_voidMuxSSDs
                0x00000000       0x4a HAL/SSD/SSD_prog.o
 .debug_info    0x00000000      0x25e HAL/SSD/SSD_prog.o
 .debug_abbrev  0x00000000      0x10d HAL/SSD/SSD_prog.o
 .debug_loc     0x00000000      0x105 HAL/SSD/SSD_prog.o
 .debug_aranges
                0x00000000       0x28 HAL/SSD/SSD_prog.o
 .debug_ranges  0x00000000       0x18 HAL/SSD/SSD_prog.o
 .debug_line    0x00000000      0x1c8 HAL/SSD/SSD_prog.o
 .debug_str     0x00000000      0x24d HAL/SSD/SSD_prog.o
 .comment       0x00000000       0x31 HAL/SSD/SSD_prog.o
 .debug_frame   0x00000000       0x44 HAL/SSD/SSD_prog.o
 .text          0x00000000        0x0 HAL/ULTRASONIC/ULTRASONIC_prog.o
 .data          0x00000000        0x0 HAL/ULTRASONIC/ULTRASONIC_prog.o
 .bss           0x00000000        0x0 HAL/ULTRASONIC/ULTRASONIC_prog.o
 .text          0x00000000        0x0 MCAL/ADC/ADC_prog.o
 .data          0x00000000        0x0 MCAL/ADC/ADC_prog.o
 .bss           0x00000000        0x0 MCAL/ADC/ADC_prog.o
 .text.ADC_voidInit
                0x00000000       0x3c MCAL/ADC/ADC_prog.o
 .text.ADC_u16ReadChannel
                0x00000000       0x22 MCAL/ADC/ADC_prog.o
 .text.ADC_voidSetCallback
                0x00000000       0x2a MCAL/ADC/ADC_prog.o
 .text          0x00000000        0x0 MCAL/DIO/DIO_prog.o
 .data          0x00000000        0x0 MCAL/DIO/DIO_prog.o
 .bss           0x00000000        0x0 MCAL/DIO/DIO_prog.o
 .text.DIO_voidTogglePinVal
                0x00000000       0x68 MCAL/DIO/DIO_prog.o
 .text.DIO_u8ReadPinVal
                0x00000000       0x5c MCAL/DIO/DIO_prog.o
 .text.DIO_voidSetPortDir
                0x00000000       0x20 MCAL/DIO/DIO_prog.o
 .text.DIO_voidSetPortVal
                0x00000000       0x20 MCAL/DIO/DIO_prog.o
 .text          0x00000000        0x0 MCAL/EXTI/EXTI_prog.o
 .data          0x00000000        0x0 MCAL/EXTI/EXTI_prog.o
 .bss           0x00000000        0x0 MCAL/EXTI/EXTI_prog.o
 .text.EXTI_voidInit
                0x00000000       0xb8 MCAL/EXTI/EXTI_prog.o
 .text.EXTI0_voidEnable
                0x00000000        0x8 MCAL/EXTI/EXTI_prog.o
 .text.EXTI0_voidDisable
                0x00000000        0x8 MCAL/EXTI/EXTI_prog.o
 .text.EXTI1_voidEnable
                0x00000000        0x8 MCAL/EXTI/EXTI_prog.o
 .text.EXTI1_voidDisable
                0x00000000        0x8 MCAL/EXTI/EXTI_prog.o
 .text.EXTI2_voidEnable
                0x00000000        0x8 MCAL/EXTI/EXTI_prog.o
 .text.EXTI2_voidDisable
                0x00000000        0x8 MCAL/EXTI/EXTI_prog.o
 .text.EXTI_voidSetCallback
                0x00000000       0x2a MCAL/EXTI/EXTI_prog.o
 .text          0x00000000        0x0 MCAL/GI/GI_prog.o
 .data          0x00000000        0x0 MCAL/GI/GI_prog.o
 .bss           0x00000000        0x0 MCAL/GI/GI_prog.o
 .text.GI_voidEnable
                0x00000000        0x8 MCAL/GI/GI_prog.o
 .text.GI_voidDisable
                0x00000000        0x8 MCAL/GI/GI_prog.o
 .debug_info    0x00000000       0xa6 MCAL/GI/GI_prog.o
 .debug_abbrev  0x00000000       0x51 MCAL/GI/GI_prog.o
 .debug_aranges
                0x00000000       0x28 MCAL/GI/GI_prog.o
 .debug_ranges  0x00000000       0x18 MCAL/GI/GI_prog.o
 .debug_line    0x00000000       0x81 MCAL/GI/GI_prog.o
 .debug_str     0x00000000      0x18d MCAL/GI/GI_prog.o
 .comment       0x00000000       0x31 MCAL/GI/GI_prog.o
 .debug_frame   0x00000000       0x34 MCAL/GI/GI_prog.o
 .text          0x00000000        0x0 MCAL/SPI/SPI_prog.o
 .data          0x00000000        0x0 MCAL/SPI/SPI_prog.o
 .bss           0x00000000        0x0 MCAL/SPI/SPI_prog.o
 .text.SPI_voidMasterInit
                0x00000000       0x42 MCAL/SPI/SPI_prog.o
 .text.SPI_voidSlaveInit
                0x00000000       0x36 MCAL/SPI/SPI_prog.o
 .text.SPI_voidMasterSendData
                0x00000000        0x8 MCAL/SPI/SPI_prog.o
 .text.SPI_u8SlaveReceiveData
                0x00000000        0x8 MCAL/SPI/SPI_prog.o
 .debug_info    0x00000000      0x1df MCAL/SPI/SPI_prog.o
 .debug_abbrev  0x00000000       0xb2 MCAL/SPI/SPI_prog.o
 .debug_aranges
                0x00000000       0x38 MCAL/SPI/SPI_prog.o
 .debug_ranges  0x00000000       0x28 MCAL/SPI/SPI_prog.o
 .debug_line    0x00000000      0x13f MCAL/SPI/SPI_prog.o
 .debug_str     0x00000000      0x1e2 MCAL/SPI/SPI_prog.o
 .comment       0x00000000       0x31 MCAL/SPI/SPI_prog.o
 .debug_frame   0x00000000       0x54 MCAL/SPI/SPI_prog.o
 .text          0x00000000        0x0 MCAL/TIM0/TIM0_prog.o
 .data          0x00000000        0x0 MCAL/TIM0/TIM0_prog.o
 .bss           0x00000000        0x0 MCAL/TIM0/TIM0_prog.o
 .text.TIM0_voidInit
                0x00000000       0x24 MCAL/TIM0/TIM0_prog.o
 .text.TIM0_voidStop
                0x00000000       0x14 MCAL/TIM0/TIM0_prog.o
 .text.TIM0_voidsetCallback
                0x00000000       0x1e MCAL/TIM0/TIM0_prog.o
 .text          0x00000000        0x0 MCAL/TIM1/TIM1_prog.o
 .data          0x00000000        0x0 MCAL/TIM1/TIM1_prog.o
 .bss           0x00000000        0x0 MCAL/TIM1/TIM1_prog.o
 .text.TIM1_voidFastPWM10BitRes
                0x00000000       0x82 MCAL/TIM1/TIM1_prog.o
 .text.TIM1_voidStart
                0x00000000       0x26 MCAL/TIM1/TIM1_prog.o
 .text.TIM1_u16ReadVal
                0x00000000        0x6 MCAL/TIM1/TIM1_prog.o
 .text          0x00000000        0x0 MCAL/TIM2/TIM2_prog.o
 .data          0x00000000        0x0 MCAL/TIM2/TIM2_prog.o
 .bss           0x00000000        0x0 MCAL/TIM2/TIM2_prog.o
 .text.TIM2_voidInit
                0x00000000       0x20 MCAL/TIM2/TIM2_prog.o
 .text.TIM2_voidStop
                0x00000000       0x14 MCAL/TIM2/TIM2_prog.o
 .text.TIM2_voidsetCallback
                0x00000000       0x1e MCAL/TIM2/TIM2_prog.o
 .text          0x00000000        0x0 MCAL/TWI/TWI_prog.o
 .data          0x00000000        0x0 MCAL/TWI/TWI_prog.o
 .bss           0x00000000        0x0 MCAL/TWI/TWI_prog.o
 .text.TWI_voidMasterInit
                0x00000000       0x26 MCAL/TWI/TWI_prog.o
 .text.TWI_voidSlaveInit
                0x00000000       0x12 MCAL/TWI/TWI_prog.o
 .text.TWI_Status_ERRSendStartCondition
                0x00000000       0x22 MCAL/TWI/TWI_prog.o
 .text.TWI_Status_ErrRepeatedStart
                0x00000000       0x22 MCAL/TWI/TWI_prog.o
 .text.TWI_Status_ErrSendSlaveAddressWithWrite
                0x00000000       0x2c MCAL/TWI/TWI_prog.o
 .text.TWI_Status_ErrSendSlaveAddressWithRead
                0x00000000       0x2c MCAL/TWI/TWI_prog.o
 .text.TWI_Status_ErrMasterSendData
                0x00000000       0x1e MCAL/TWI/TWI_prog.o
 .text.TWI_Status_ErrMasterReciveData
                0x00000000       0x22 MCAL/TWI/TWI_prog.o
 .text.TWI_Status_ERRSendStopCondition
                0x00000000        0xe MCAL/TWI/TWI_prog.o
 .debug_info    0x00000000      0x27c MCAL/TWI/TWI_prog.o
 .debug_abbrev  0x00000000       0xd3 MCAL/TWI/TWI_prog.o
 .debug_loc     0x00000000      0x1b3 MCAL/TWI/TWI_prog.o
 .debug_aranges
                0x00000000       0x60 MCAL/TWI/TWI_prog.o
 .debug_ranges  0x00000000       0x50 MCAL/TWI/TWI_prog.o
 .debug_line    0x00000000      0x275 MCAL/TWI/TWI_prog.o
 .debug_str     0x00000000      0x347 MCAL/TWI/TWI_prog.o
 .comment       0x00000000       0x31 MCAL/TWI/TWI_prog.o
 .debug_frame   0x00000000       0xa4 MCAL/TWI/TWI_prog.o
 .text          0x00000000        0x0 MCAL/UART/UART_prog.o
 .data          0x00000000        0x0 MCAL/UART/UART_prog.o
 .bss           0x00000000        0x0 MCAL/UART/UART_prog.o
 .text.UART_u8Rx
                0x00000000        0x8 MCAL/UART/UART_prog.o
 .text          0x00000000        0x0 MCAL/WDT/WDT_prog.o
 .data          0x00000000        0x0 MCAL/WDT/WDT_prog.o
 .bss           0x00000000        0x0 MCAL/WDT/WDT_prog.o
 .text.WDT_voidStart
                0x00000000       0x14 MCAL/WDT/WDT_prog.o
 .text.WDT_voidStop
                0x00000000        0xa MCAL/WDT/WDT_prog.o
 .debug_info    0x00000000       0xba MCAL/WDT/WDT_prog.o
 .debug_abbrev  0x00000000       0x7a MCAL/WDT/WDT_prog.o
 .debug_loc     0x00000000       0x21 MCAL/WDT/WDT_prog.o
 .debug_aranges
                0x00000000       0x28 MCAL/WDT/WDT_prog.o
 .debug_ranges  0x00000000       0x18 MCAL/WDT/WDT_prog.o
 .debug_line    0x00000000       0x96 MCAL/WDT/WDT_prog.o
 .debug_str     0x00000000      0x199 MCAL/WDT/WDT_prog.o
 .comment       0x00000000       0x31 MCAL/WDT/WDT_prog.o
 .debug_frame   0x00000000       0x34 MCAL/WDT/WDT_prog.o
 .text          0x00000000        0x0 c:/program files (x86)/atmel/studio/7.0/toolchain/avr8/avr8-gnu-toolchain/bin/../lib/gcc/avr/5.4.0/../../../../avr/lib/avr5\libm.a(addsf3.o)
 .data          0x00000000        0x0 c:/program files (x86)/atmel/studio/7.0/toolchain/avr8/avr8-gnu-toolchain/bin/../lib/gcc/avr/5.4.0/../../../../avr/lib/avr5\libm.a(addsf3.o)
 .bss           0x00000000        0x0 c:/program files (x86)/atmel/studio/7.0/toolchain/avr8/avr8-gnu-toolchain/bin/../lib/gcc/avr/5.4.0/../../../../avr/lib/avr5\libm.a(addsf3.o)
 .text          0x00000000        0x0 c:/program files (x86)/atmel/studio/7.0/toolchain/avr8/avr8-gnu-toolchain/bin/../lib/gcc/avr/5.4.0/../../../../avr/lib/avr5\libm.a(addsf3x.o)
 .data          0x00000000        0x0 c:/program files (x86)/atmel/studio/7.0/toolchain/avr8/avr8-gnu-toolchain/bin/../lib/gcc/avr/5.4.0/../../../../avr/lib/avr5\libm.a(addsf3x.o)
 .bss           0x00000000        0x0 c:/program files (x86)/atmel/studio/7.0/toolchain/avr8/avr8-gnu-toolchain/bin/../lib/gcc/avr/5.4.0/../../../../avr/lib/avr5\libm.a(addsf3x.o)
 .text          0x00000000        0x0 c:/program files (x86)/atmel/studio/7.0/toolchain/avr8/avr8-gnu-toolchain/bin/../lib/gcc/avr/5.4.0/../../../../avr/lib/avr5\libm.a(divsf3.o)
 .data          0x00000000        0x0 c:/program files (x86)/atmel/studio/7.0/toolchain/avr8/avr8-gnu-toolchain/bin/../lib/gcc/avr/5.4.0/../../../../avr/lib/avr5\libm.a(divsf3.o)
 .bss           0x00000000        0x0 c:/program files (x86)/atmel/studio/7.0/toolchain/avr8/avr8-gnu-toolchain/bin/../lib/gcc/avr/5.4.0/../../../../avr/lib/avr5\libm.a(divsf3.o)
 .text          0x00000000        0x0 c:/program files (x86)/atmel/studio/7.0/toolchain/avr8/avr8-gnu-toolchain/bin/../lib/gcc/avr/5.4.0/../../../../avr/lib/avr5\libm.a(divsf3x.o)
 .data          0x00000000        0x0 c:/program files (x86)/atmel/studio/7.0/toolchain/avr8/avr8-gnu-toolchain/bin/../lib/gcc/avr/5.4.0/../../../../avr/lib/avr5\libm.a(divsf3x.o)
 .bss           0x00000000        0x0 c:/program files (x86)/atmel/studio/7.0/toolchain/avr8/avr8-gnu-toolchain/bin/../lib/gcc/avr/5.4.0/../../../../avr/lib/avr5\libm.a(divsf3x.o)
 .text          0x00000000        0x0 c:/program files (x86)/atmel/studio/7.0/toolchain/avr8/avr8-gnu-toolchain/bin/../lib/gcc/avr/5.4.0/../../../../avr/lib/avr5\libm.a(fixunssfsi.o)
 .data          0x00000000        0x0 c:/program files (x86)/atmel/studio/7.0/toolchain/avr8/avr8-gnu-toolchain/bin/../lib/gcc/avr/5.4.0/../../../../avr/lib/avr5\libm.a(fixunssfsi.o)
 .bss           0x00000000        0x0 c:/program files (x86)/atmel/studio/7.0/toolchain/avr8/avr8-gnu-toolchain/bin/../lib/gcc/avr/5.4.0/../../../../avr/lib/avr5\libm.a(fixunssfsi.o)
 .text          0x00000000        0x0 c:/program files (x86)/atmel/studio/7.0/toolchain/avr8/avr8-gnu-toolchain/bin/../lib/gcc/avr/5.4.0/../../../../avr/lib/avr5\libm.a(floatsisf.o)
 .data          0x00000000        0x0 c:/program files (x86)/atmel/studio/7.0/toolchain/avr8/avr8-gnu-toolchain/bin/../lib/gcc/avr/5.4.0/../../../../avr/lib/avr5\libm.a(floatsisf.o)
 .bss           0x00000000        0x0 c:/program files (x86)/atmel/studio/7.0/toolchain/avr8/avr8-gnu-toolchain/bin/../lib/gcc/avr/5.4.0/../../../../avr/lib/avr5\libm.a(floatsisf.o)
 .text          0x00000000        0x0 c:/program files (x86)/atmel/studio/7.0/toolchain/avr8/avr8-gnu-toolchain/bin/../lib/gcc/avr/5.4.0/../../../../avr/lib/avr5\libm.a(fp_inf.o)
 .data          0x00000000        0x0 c:/program files (x86)/atmel/studio/7.0/toolchain/avr8/avr8-gnu-toolchain/bin/../lib/gcc/avr/5.4.0/../../../../avr/lib/avr5\libm.a(fp_inf.o)
 .bss           0x00000000        0x0 c:/program files (x86)/atmel/studio/7.0/toolchain/avr8/avr8-gnu-toolchain/bin/../lib/gcc/avr/5.4.0/../../../../avr/lib/avr5\libm.a(fp_inf.o)
 .text          0x00000000        0x0 c:/program files (x86)/atmel/studio/7.0/toolchain/avr8/avr8-gnu-toolchain/bin/../lib/gcc/avr/5.4.0/../../../../avr/lib/avr5\libm.a(fp_nan.o)
 .data          0x00000000        0x0 c:/program files (x86)/atmel/studio/7.0/toolchain/avr8/avr8-gnu-toolchain/bin/../lib/gcc/avr/5.4.0/../../../../avr/lib/avr5\libm.a(fp_nan.o)
 .bss           0x00000000        0x0 c:/program files (x86)/atmel/studio/7.0/toolchain/avr8/avr8-gnu-toolchain/bin/../lib/gcc/avr/5.4.0/../../../../avr/lib/avr5\libm.a(fp_nan.o)
 .text          0x00000000        0x0 c:/program files (x86)/atmel/studio/7.0/toolchain/avr8/avr8-gnu-toolchain/bin/../lib/gcc/avr/5.4.0/../../../../avr/lib/avr5\libm.a(fp_pscA.o)
 .data          0x00000000        0x0 c:/program files (x86)/atmel/studio/7.0/toolchain/avr8/avr8-gnu-toolchain/bin/../lib/gcc/avr/5.4.0/../../../../avr/lib/avr5\libm.a(fp_pscA.o)
 .bss           0x00000000        0x0 c:/program files (x86)/atmel/studio/7.0/toolchain/avr8/avr8-gnu-toolchain/bin/../lib/gcc/avr/5.4.0/../../../../avr/lib/avr5\libm.a(fp_pscA.o)
 .text          0x00000000        0x0 c:/program files (x86)/atmel/studio/7.0/toolchain/avr8/avr8-gnu-toolchain/bin/../lib/gcc/avr/5.4.0/../../../../avr/lib/avr5\libm.a(fp_pscB.o)
 .data          0x00000000        0x0 c:/program files (x86)/atmel/studio/7.0/toolchain/avr8/avr8-gnu-toolchain/bin/../lib/gcc/avr/5.4.0/../../../../avr/lib/avr5\libm.a(fp_pscB.o)
 .bss           0x00000000        0x0 c:/program files (x86)/atmel/studio/7.0/toolchain/avr8/avr8-gnu-toolchain/bin/../lib/gcc/avr/5.4.0/../../../../avr/lib/avr5\libm.a(fp_pscB.o)
 .text          0x00000000        0x0 c:/program files (x86)/atmel/studio/7.0/toolchain/avr8/avr8-gnu-toolchain/bin/../lib/gcc/avr/5.4.0/../../../../avr/lib/avr5\libm.a(fp_round.o)
 .data          0x00000000        0x0 c:/program files (x86)/atmel/studio/7.0/toolchain/avr8/avr8-gnu-toolchain/bin/../lib/gcc/avr/5.4.0/../../../../avr/lib/avr5\libm.a(fp_round.o)
 .bss           0x00000000        0x0 c:/program files (x86)/atmel/studio/7.0/toolchain/avr8/avr8-gnu-toolchain/bin/../lib/gcc/avr/5.4.0/../../../../avr/lib/avr5\libm.a(fp_round.o)
 .text          0x00000000        0x0 c:/program files (x86)/atmel/studio/7.0/toolchain/avr8/avr8-gnu-toolchain/bin/../lib/gcc/avr/5.4.0/../../../../avr/lib/avr5\libm.a(fp_split3.o)
 .data          0x00000000        0x0 c:/program files (x86)/atmel/studio/7.0/toolchain/avr8/avr8-gnu-toolchain/bin/../lib/gcc/avr/5.4.0/../../../../avr/lib/avr5\libm.a(fp_split3.o)
 .bss           0x00000000        0x0 c:/program files (x86)/atmel/studio/7.0/toolchain/avr8/avr8-gnu-toolchain/bin/../lib/gcc/avr/5.4.0/../../../../avr/lib/avr5\libm.a(fp_split3.o)
 .text          0x00000000        0x0 c:/program files (x86)/atmel/studio/7.0/toolchain/avr8/avr8-gnu-toolchain/bin/../lib/gcc/avr/5.4.0/../../../../avr/lib/avr5\libm.a(fp_zero.o)
 .data          0x00000000        0x0 c:/program files (x86)/atmel/studio/7.0/toolchain/avr8/avr8-gnu-toolchain/bin/../lib/gcc/avr/5.4.0/../../../../avr/lib/avr5\libm.a(fp_zero.o)
 .bss           0x00000000        0x0 c:/program files (x86)/atmel/studio/7.0/toolchain/avr8/avr8-gnu-toolchain/bin/../lib/gcc/avr/5.4.0/../../../../avr/lib/avr5\libm.a(fp_zero.o)
 .text          0x00000000        0x0 c:/program files (x86)/atmel/studio/7.0/toolchain/avr8/avr8-gnu-toolchain/bin/../lib/gcc/avr/5.4.0/../../../../avr/lib/avr5\libm.a(mulsf3.o)
 .data          0x00000000        0x0 c:/program files (x86)/atmel/studio/7.0/toolchain/avr8/avr8-gnu-toolchain/bin/../lib/gcc/avr/5.4.0/../../../../avr/lib/avr5\libm.a(mulsf3.o)
 .bss           0x00000000        0x0 c:/program files (x86)/atmel/studio/7.0/toolchain/avr8/avr8-gnu-toolchain/bin/../lib/gcc/avr/5.4.0/../../../../avr/lib/avr5\libm.a(mulsf3.o)
 .text          0x00000000        0x0 c:/program files (x86)/atmel/studio/7.0/toolchain/avr8/avr8-gnu-toolchain/bin/../lib/gcc/avr/5.4.0/../../../../avr/lib/avr5\libm.a(mulsf3x.o)
 .data          0x00000000        0x0 c:/program files (x86)/atmel/studio/7.0/toolchain/avr8/avr8-gnu-toolchain/bin/../lib/gcc/avr/5.4.0/../../../../avr/lib/avr5\libm.a(mulsf3x.o)
 .bss           0x00000000        0x0 c:/program files (x86)/atmel/studio/7.0/toolchain/avr8/avr8-gnu-toolchain/bin/../lib/gcc/avr/5.4.0/../../../../avr/lib/avr5\libm.a(mulsf3x.o)
 .text          0x00000000        0x0 c:/program files (x86)/atmel/studio/7.0/toolchain/avr8/avr8-gnu-toolchain/bin/../lib/gcc/avr/5.4.0/avr5\libgcc.a(_udivmodsi4.o)
 .data          0x00000000        0x0 c:/program files (x86)/atmel/studio/7.0/toolchain/avr8/avr8-gnu-toolchain/bin/../lib/gcc/avr/5.4.0/avr5\libgcc.a(_udivmodsi4.o)
 .bss           0x00000000        0x0 c:/program files (x86)/atmel/studio/7.0/toolchain/avr8/avr8-gnu-toolchain/bin/../lib/gcc/avr/5.4.0/avr5\libgcc.a(_udivmodsi4.o)
 .text.libgcc.mul
                0x00000000        0x0 c:/program files (x86)/atmel/studio/7.0/toolchain/avr8/avr8-gnu-toolchain/bin/../lib/gcc/avr/5.4.0/avr5\libgcc.a(_udivmodsi4.o)
 .text.libgcc   0x00000000        0x0 c:/program files (x86)/atmel/studio/7.0/toolchain/avr8/avr8-gnu-toolchain/bin/../lib/gcc/avr/5.4.0/avr5\libgcc.a(_udivmodsi4.o)
 .text.libgcc.prologue
                0x00000000        0x0 c:/program files (x86)/atmel/studio/7.0/toolchain/avr8/avr8-gnu-toolchain/bin/../lib/gcc/avr/5.4.0/avr5\libgcc.a(_udivmodsi4.o)
 .text.libgcc.builtins
                0x00000000        0x0 c:/program files (x86)/atmel/studio/7.0/toolchain/avr8/avr8-gnu-toolchain/bin/../lib/gcc/avr/5.4.0/avr5\libgcc.a(_udivmodsi4.o)
 .text.libgcc.fmul
                0x00000000        0x0 c:/program files (x86)/atmel/studio/7.0/toolchain/avr8/avr8-gnu-toolchain/bin/../lib/gcc/avr/5.4.0/avr5\libgcc.a(_udivmodsi4.o)
 .text.libgcc.fixed
                0x00000000        0x0 c:/program files (x86)/atmel/studio/7.0/toolchain/avr8/avr8-gnu-toolchain/bin/../lib/gcc/avr/5.4.0/avr5\libgcc.a(_udivmodsi4.o)
 .text          0x00000000        0x0 c:/program files (x86)/atmel/studio/7.0/toolchain/avr8/avr8-gnu-toolchain/bin/../lib/gcc/avr/5.4.0/avr5\libgcc.a(_exit.o)
 .data          0x00000000        0x0 c:/program files (x86)/atmel/studio/7.0/toolchain/avr8/avr8-gnu-toolchain/bin/../lib/gcc/avr/5.4.0/avr5\libgcc.a(_exit.o)
 .bss           0x00000000        0x0 c:/program files (x86)/atmel/studio/7.0/toolchain/avr8/avr8-gnu-toolchain/bin/../lib/gcc/avr/5.4.0/avr5\libgcc.a(_exit.o)
 .text.libgcc.mul
                0x00000000        0x0 c:/program files (x86)/atmel/studio/7.0/toolchain/avr8/avr8-gnu-toolchain/bin/../lib/gcc/avr/5.4.0/avr5\libgcc.a(_exit.o)
 .text.libgcc.div
                0x00000000        0x0 c:/program files (x86)/atmel/studio/7.0/toolchain/avr8/avr8-gnu-toolchain/bin/../lib/gcc/avr/5.4.0/avr5\libgcc.a(_exit.o)
 .text.libgcc   0x00000000        0x0 c:/program files (x86)/atmel/studio/7.0/toolchain/avr8/avr8-gnu-toolchain/bin/../lib/gcc/avr/5.4.0/avr5\libgcc.a(_exit.o)
 .text.libgcc.prologue
                0x00000000        0x0 c:/program files (x86)/atmel/studio/7.0/toolchain/avr8/avr8-gnu-toolchain/bin/../lib/gcc/avr/5.4.0/avr5\libgcc.a(_exit.o)
 .text.libgcc.builtins
                0x00000000        0x0 c:/program files (x86)/atmel/studio/7.0/toolchain/avr8/avr8-gnu-toolchain/bin/../lib/gcc/avr/5.4.0/avr5\libgcc.a(_exit.o)
 .text.libgcc.fmul
                0x00000000        0x0 c:/program files (x86)/atmel/studio/7.0/toolchain/avr8/avr8-gnu-toolchain/bin/../lib/gcc/avr/5.4.0/avr5\libgcc.a(_exit.o)
 .text.libgcc.fixed
                0x00000000        0x0 c:/program files (x86)/atmel/studio/7.0/toolchain/avr8/avr8-gnu-toolchain/bin/../lib/gcc/avr/5.4.0/avr5\libgcc.a(_exit.o)
 .text          0x00000000        0x0 c:/program files (x86)/atmel/studio/7.0/toolchain/avr8/avr8-gnu-toolchain/bin/../lib/gcc/avr/5.4.0/avr5\libgcc.a(_copy_data.o)
 .data          0x00000000        0x0 c:/program files (x86)/atmel/studio/7.0/toolchain/avr8/avr8-gnu-toolchain/bin/../lib/gcc/avr/5.4.0/avr5\libgcc.a(_copy_data.o)
 .bss           0x00000000        0x0 c:/program files (x86)/atmel/studio/7.0/toolchain/avr8/avr8-gnu-toolchain/bin/../lib/gcc/avr/5.4.0/avr5\libgcc.a(_copy_data.o)
 .text.libgcc.mul
                0x00000000        0x0 c:/program files (x86)/atmel/studio/7.0/toolchain/avr8/avr8-gnu-toolchain/bin/../lib/gcc/avr/5.4.0/avr5\libgcc.a(_copy_data.o)
 .text.libgcc.div
                0x00000000        0x0 c:/program files (x86)/atmel/studio/7.0/toolchain/avr8/avr8-gnu-toolchain/bin/../lib/gcc/avr/5.4.0/avr5\libgcc.a(_copy_data.o)
 .text.libgcc   0x00000000        0x0 c:/program files (x86)/atmel/studio/7.0/toolchain/avr8/avr8-gnu-toolchain/bin/../lib/gcc/avr/5.4.0/avr5\libgcc.a(_copy_data.o)
 .text.libgcc.prologue
                0x00000000        0x0 c:/program files (x86)/atmel/studio/7.0/toolchain/avr8/avr8-gnu-toolchain/bin/../lib/gcc/avr/5.4.0/avr5\libgcc.a(_copy_data.o)
 .text.libgcc.builtins
                0x00000000        0x0 c:/program files (x86)/atmel/studio/7.0/toolchain/avr8/avr8-gnu-toolchain/bin/../lib/gcc/avr/5.4.0/avr5\libgcc.a(_copy_data.o)
 .text.libgcc.fmul
                0x00000000        0x0 c:/program files (x86)/atmel/studio/7.0/toolchain/avr8/avr8-gnu-toolchain/bin/../lib/gcc/avr/5.4.0/avr5\libgcc.a(_copy_data.o)
 .text.libgcc.fixed
                0x00000000        0x0 c:/program files (x86)/atmel/studio/7.0/toolchain/avr8/avr8-gnu-toolchain/bin/../lib/gcc/avr/5.4.0/avr5\libgcc.a(_copy_data.o)
 .text          0x00000000        0x0 c:/program files (x86)/atmel/studio/7.0/toolchain/avr8/avr8-gnu-toolchain/bin/../lib/gcc/avr/5.4.0/avr5\libgcc.a(_clear_bss.o)
 .data          0x00000000        0x0 c:/program files (x86)/atmel/studio/7.0/toolchain/avr8/avr8-gnu-toolchain/bin/../lib/gcc/avr/5.4.0/avr5\libgcc.a(_clear_bss.o)
 .bss           0x00000000        0x0 c:/program files (x86)/atmel/studio/7.0/toolchain/avr8/avr8-gnu-toolchain/bin/../lib/gcc/avr/5.4.0/avr5\libgcc.a(_clear_bss.o)
 .text.libgcc.mul
                0x00000000        0x0 c:/program files (x86)/atmel/studio/7.0/toolchain/avr8/avr8-gnu-toolchain/bin/../lib/gcc/avr/5.4.0/avr5\libgcc.a(_clear_bss.o)
 .text.libgcc.div
                0x00000000        0x0 c:/program files (x86)/atmel/studio/7.0/toolchain/avr8/avr8-gnu-toolchain/bin/../lib/gcc/avr/5.4.0/avr5\libgcc.a(_clear_bss.o)
 .text.libgcc   0x00000000        0x0 c:/program files (x86)/atmel/studio/7.0/toolchain/avr8/avr8-gnu-toolchain/bin/../lib/gcc/avr/5.4.0/avr5\libgcc.a(_clear_bss.o)
 .text.libgcc.prologue
                0x00000000        0x0 c:/program files (x86)/atmel/studio/7.0/toolchain/avr8/avr8-gnu-toolchain/bin/../lib/gcc/avr/5.4.0/avr5\libgcc.a(_clear_bss.o)
 .text.libgcc.builtins
                0x00000000        0x0 c:/program files (x86)/atmel/studio/7.0/toolchain/avr8/avr8-gnu-toolchain/bin/../lib/gcc/avr/5.4.0/avr5\libgcc.a(_clear_bss.o)
 .text.libgcc.fmul
                0x00000000        0x0 c:/program files (x86)/atmel/studio/7.0/toolchain/avr8/avr8-gnu-toolchain/bin/../lib/gcc/avr/5.4.0/avr5\libgcc.a(_clear_bss.o)
 .text.libgcc.fixed
                0x00000000        0x0 c:/program files (x86)/atmel/studio/7.0/toolchain/avr8/avr8-gnu-toolchain/bin/../lib/gcc/avr/5.4.0/avr5\libgcc.a(_clear_bss.o)
 .text          0x00000000        0x0 c:/program files (x86)/atmel/studio/7.0/toolchain/avr8/avr8-gnu-toolchain/bin/../lib/gcc/avr/5.4.0/avr5\libgcc.a(_umulhisi3.o)
 .data          0x00000000        0x0 c:/program files (x86)/atmel/studio/7.0/toolchain/avr8/avr8-gnu-toolchain/bin/../lib/gcc/avr/5.4.0/avr5\libgcc.a(_umulhisi3.o)
 .bss           0x00000000        0x0 c:/program files (x86)/atmel/studio/7.0/toolchain/avr8/avr8-gnu-toolchain/bin/../lib/gcc/avr/5.4.0/avr5\libgcc.a(_umulhisi3.o)
 .text.libgcc.div
                0x00000000        0x0 c:/program files (x86)/atmel/studio/7.0/toolchain/avr8/avr8-gnu-toolchain/bin/../lib/gcc/avr/5.4.0/avr5\libgcc.a(_umulhisi3.o)
 .text.libgcc   0x00000000        0x0 c:/program files (x86)/atmel/studio/7.0/toolchain/avr8/avr8-gnu-toolchain/bin/../lib/gcc/avr/5.4.0/avr5\libgcc.a(_umulhisi3.o)
 .text.libgcc.prologue
                0x00000000        0x0 c:/program files (x86)/atmel/studio/7.0/toolchain/avr8/avr8-gnu-toolchain/bin/../lib/gcc/avr/5.4.0/avr5\libgcc.a(_umulhisi3.o)
 .text.libgcc.builtins
                0x00000000        0x0 c:/program files (x86)/atmel/studio/7.0/toolchain/avr8/avr8-gnu-toolchain/bin/../lib/gcc/avr/5.4.0/avr5\libgcc.a(_umulhisi3.o)
 .text.libgcc.fmul
                0x00000000        0x0 c:/program files (x86)/atmel/studio/7.0/toolchain/avr8/avr8-gnu-toolchain/bin/../lib/gcc/avr/5.4.0/avr5\libgcc.a(_umulhisi3.o)
 .text.libgcc.fixed
                0x00000000        0x0 c:/program files (x86)/atmel/studio/7.0/toolchain/avr8/avr8-gnu-toolchain/bin/../lib/gcc/avr/5.4.0/avr5\libgcc.a(_umulhisi3.o)

Memory Configuration

Name             Origin             Length             Attributes
text             0x00000000         0x00008000         xr
data             0x00800060         0x00000800         rw !x
eeprom           0x00810000         0x00000400         rw !x
fuse             0x00820000         0x00000002         rw !x
lock             0x00830000         0x00000400         rw !x
signature        0x00840000         0x00000400         rw !x
user_signatures  0x00850000         0x00000400         rw !x
*default*        0x00000000         0xffffffff

Linker script and memory map

LOAD C:/Program Files (x86)/Atmel/Studio/7.0/Packs/atmel/ATmega_DFP/1.7.374/gcc/dev/atmega32/avr5/crtatmega32.o
LOAD APP/main.o
LOAD HAL/BUZZER/BUZZER_prog.o
LOAD HAL/DC_MOTOR/DC_MOTOR_prog.o
LOAD HAL/EEPROM/EEPROM_prog.o
LOAD HAL/Keypad/KEYPAD_prog.o
LOAD HAL/LCD/LCD_prog.o
LOAD HAL/LED/LED_prog.o
LOAD HAL/SERVO_MOTOR/SERVO_MOTOR_prog.o
LOAD HAL/SSD/SSD_prog.o
LOAD HAL/ULTRASONIC/ULTRASONIC_prog.o
LOAD MCAL/ADC/ADC_prog.o
LOAD MCAL/DIO/DIO_prog.o
LOAD MCAL/EXTI/EXTI_prog.o
LOAD MCAL/GI/GI_prog.o
LOAD MCAL/SPI/SPI_prog.o
LOAD MCAL/TIM0/TIM0_prog.o
LOAD MCAL/TIM1/TIM1_prog.o
LOAD MCAL/TIM2/TIM2_prog.o
LOAD MCAL/TWI/TWI_prog.o
LOAD MCAL/UART/UART_prog.o
LOAD MCAL/WDT/WDT_prog.o
START GROUP
LOAD c:/program files (x86)/atmel/studio/7.0/toolchain/avr8/avr8-gnu-toolchain/bin/../lib/gcc/avr/5.4.0/../../../../avr/lib/avr5\libm.a
END GROUP
START GROUP
LOAD c:/program files (x86)/atmel/studio/7.0/toolchain/avr8/avr8-gnu-toolchain/bin/../lib/gcc/avr/5.4.0/avr5\libgcc.a
LOAD c:/program files (x86)/atmel/studio/7.0/toolchain/avr8/avr8-gnu-toolchain/bin/../lib/gcc/avr/5.4.0/../../../../avr/lib/avr5\libm.a
LOAD c:/program files (x86)/atmel/studio/7.0/toolchain/avr8/avr8-gnu-toolchain/bin/../lib/gcc/avr/5.4.0/../../../../avr/lib/avr5\libc.a
LOAD C:/Program Files (x86)/Atmel/Studio/7.0/Packs/atmel/ATmega_DFP/1.7.374/gcc/dev/atmega32/avr5\libatmega32.a
END GROUP
                0x00000000                __TEXT_REGION_ORIGIN__ = DEFINED (__TEXT_REGION_ORIGIN__)?__TEXT_REGION_ORIGIN__:0x0
                [0x00800060]                __DATA_REGION_ORIGIN__ = DEFINED (__DATA_REGION_ORIGIN__)?__DATA_REGION_ORIGIN__:0x800060
                [0x00008000]                __TEXT_REGION_LENGTH__ = DEFINED (__TEXT_REGION_LENGTH__)?__TEXT_REGION_LENGTH__:0x20000
                [0x00000800]                __DATA_REGION_LENGTH__ = DEFINED (__DATA_REGION_LENGTH__)?__DATA_REGION_LENGTH__:0xffa0
                [0x00000400]                __EEPROM_REGION_LENGTH__ = DEFINED (__EEPROM_REGION_LENGTH__)?__EEPROM_REGION_LENGTH__:0x10000
                [0x00000002]                __FUSE_REGION_LENGTH__ = DEFINED (__FUSE_REGION_LENGTH__)?__FUSE_REGION_LENGTH__:0x400
                0x00000400                __LOCK_REGION_LENGTH__ = DEFINED (__LOCK_REGION_LENGTH__)?__LOCK_REGION_LENGTH__:0x400
                0x00000400                __SIGNATURE_REGION_LENGTH__ = DEFINED (__SIGNATURE_REGION_LENGTH__)?__SIGNATURE_REGION_LENGTH__:0x400
                0x00000400                __USER_SIGNATURE_REGION_LENGTH__ = DEFINED (__USER_SIGNATURE_REGION_LENGTH__)?__USER_SIGNATURE_REGION_LENGTH__:0x400

.hash
 *(.hash)

.dynsym
 *(.dynsym)

.dynstr
 *(.dynstr)

.gnu.version
 *(.gnu.version)

.gnu.version_d
 *(.gnu.version_d)

.gnu.version_r
 *(.gnu.version_r)

.rel.init
 *(.rel.init)

.rela.init
 *(.rela.init)

.rel.text
 *(.rel.text)
 *(.rel.text.*)
 *(.rel.gnu.linkonce.t*)

.rela.text
 *(.rela.text)
 *(.rela.text.*)
 *(.rela.gnu.linkonce.t*)

.rel.fini
 *(.rel.fini)

.rela.fini
 *(.rela.fini)

.rel.rodata
 *(.rel.rodata)
 *(.rel.rodata.*)
 *(.rel.gnu.linkonce.r*)

.rela.rodata
 *(.rela.rodata)
 *(.rela.rodata.*)
 *(.rela.gnu.linkonce.r*)

.rel.data
 *(.rel.data)
 *(.rel.data.*)
 *(.rel.gnu.linkonce.d*)

.rela.data
 *(.rela.data)
 *(.rela.data.*)
 *(.rela.gnu.linkonce.d*)

.rel.ctors
 *(.rel.ctors)

.rela.ctors
 *(.rela.ctors)

.rel.dtors
 *(.rel.dtors)

.rela.dtors
 *(.rela.dtors)

.rel.got
 *(.rel.got)

.rela.got
 *(.rela.got)

.rel.bss
 *(.rel.bss)

.rela.bss
 *(.rela.bss)

.rel.plt
 *(.rel.plt)

.rela.plt
 *(.rela.plt)

.text           0x00000000      0xed2
 *(.vectors)
 .vectors       0x00000000       0x54 C:/Program Files (x86)/Atmel/Studio/7.0/Packs/atmel/ATmega_DFP/1.7.374/gcc/dev/atmega32/avr5/crtatmega32.o
                0x00000000                __vector_default
                0x00000000                __vectors
 *(.vectors)
 *(.progmem.gcc*)
                0x00000054                . = ALIGN (0x2)
                0x00000054                __trampolines_start = .
 *(.trampolines)
 .trampolines   0x00000054        0x0 linker stubs
 *(.trampolines*)
                0x00000054                __trampolines_end = .
 *libprintf_flt.a:*(.progmem.data)
 *libc.a:*(.progmem.data)
 *(.progmem*)
                0x00000054                . = ALIGN (0x2)
 *(.jumptables)
 *(.jumptables*)
 *(.lowtext)
 *(.lowtext*)
                0x00000054                __ctors_start = .
 *(.ctors)
                0x00000054                __ctors_end = .
                0x00000054                __dtors_start = .
 *(.dtors)
                0x00000054                __dtors_end = .
 SORT(*)(.ctors)
 SORT(*)(.dtors)
 *(.init0)
 .init0         0x00000054        0x0 C:/Program Files (x86)/Atmel/Studio/7.0/Packs/atmel/ATmega_DFP/1.7.374/gcc/dev/atmega32/avr5/crtatmega32.o
                0x00000054                __init
 *(.init0)
 *(.init1)
 *(.init1)
 *(.init2)
 .init2         0x00000054        0xc C:/Program Files (x86)/Atmel/Studio/7.0/Packs/atmel/ATmega_DFP/1.7.374/gcc/dev/atmega32/avr5/crtatmega32.o
 *(.init2)
 *(.init3)
 *(.init3)
 *(.init4)
 .init4         0x00000060       0x16 c:/program files (x86)/atmel/studio/7.0/toolchain/avr8/avr8-gnu-toolchain/bin/../lib/gcc/avr/5.4.0/avr5\libgcc.a(_copy_data.o)
                0x00000060                __do_copy_data
 .init4         0x00000076       0x10 c:/program files (x86)/atmel/studio/7.0/toolchain/avr8/avr8-gnu-toolchain/bin/../lib/gcc/avr/5.4.0/avr5\libgcc.a(_clear_bss.o)
                0x00000076                __do_clear_bss
 *(.init4)
 *(.init5)
 *(.init5)
 *(.init6)
 *(.init6)
 *(.init7)
 *(.init7)
 *(.init8)
 *(.init8)
 *(.init9)
 .init9         0x00000086        0x8 C:/Program Files (x86)/Atmel/Studio/7.0/Packs/atmel/ATmega_DFP/1.7.374/gcc/dev/atmega32/avr5/crtatmega32.o
 *(.init9)
 *(.text)
 .text          0x0000008e        0x4 C:/Program Files (x86)/Atmel/Studio/7.0/Packs/atmel/ATmega_DFP/1.7.374/gcc/dev/atmega32/avr5/crtatmega32.o
                0x0000008e                __vector_12
                0x0000008e                __bad_interrupt
                0x0000008e                __vector_6
                0x0000008e                __vector_13
                0x0000008e                __vector_17
                0x0000008e                __vector_19
                0x0000008e                __vector_7
                0x0000008e                __vector_9
                0x0000008e                __vector_15
                0x0000008e                __vector_8
                0x0000008e                __vector_14
                0x0000008e                __vector_18
                0x0000008e                __vector_20
                0x00000092                . = ALIGN (0x2)
 *(.text.*)
 .text.Car_Move_Forward
                0x00000092        0xe APP/main.o
                0x00000092                Car_Move_Forward
 .text.Car_Stop
                0x000000a0        0xa APP/main.o
                0x000000a0                Car_Stop
 .text.Car_Move_Right
                0x000000aa       0x1e APP/main.o
                0x000000aa                Car_Move_Right
 .text.Car_Move_Left
                0x000000c8       0x1e APP/main.o
                0x000000c8                Car_Move_Left
 .text.setupConnection
                0x000000e6       0x92 APP/main.o
                0x000000e6                setupConnection
 .text.CheckObstacle
                0x00000178       0xd0 APP/main.o
                0x00000178                CheckObstacle
 .text.main     0x00000248       0x4a APP/main.o
                0x00000248                main
 .text.DC_MOTOR_voidMoveForward_1
                0x00000292       0x40 HAL/DC_MOTOR/DC_MOTOR_prog.o
                0x00000292                DC_MOTOR_voidMoveForward_1
 .text.DC_MOTOR_voidStop_1
                0x000002d2       0x3a HAL/DC_MOTOR/DC_MOTOR_prog.o
                0x000002d2                DC_MOTOR_voidStop_1
 .text.DC_MOTOR_voidMoveForward_2
                0x0000030c       0x40 HAL/DC_MOTOR/DC_MOTOR_prog.o
                0x0000030c                DC_MOTOR_voidMoveForward_2
 .text.DC_MOTOR_voidStop_2
                0x0000034c       0x3a HAL/DC_MOTOR/DC_MOTOR_prog.o
                0x0000034c                DC_MOTOR_voidStop_2
 .text.LED_voidOff
                0x00000386       0x1e HAL/LED/LED_prog.o
                0x00000386                LED_voidOff
 .text.SERVO_MOTOR_voidRotateWithDegree
                0x000003a4       0x1e HAL/SERVO_MOTOR/SERVO_MOTOR_prog.o
                0x000003a4                SERVO_MOTOR_voidRotateWithDegree
 .text.ULTRASONIC_u16GetDistance
                0x000003c2       0xae HAL/ULTRASONIC/ULTRASONIC_prog.o
                0x000003c2                ULTRASONIC_u16GetDistance
 .text.__vector_16
                0x00000470       0x68 MCAL/ADC/ADC_prog.o
                0x00000470                __vector_16
 .text.DIO_voidSetPinDir
                0x000004d8       0xe6 MCAL/DIO/DIO_prog.o
                0x000004d8                DIO_voidSetPinDir
 .text.DIO_voidSetPinVal
                0x000005be       0xe6 MCAL/DIO/DIO_prog.o
                0x000005be                DIO_voidSetPinVal
 .text.__vector_1
                0x000006a4       0x4e MCAL/EXTI/EXTI_prog.o
                0x000006a4                __vector_1
 .text.__vector_2
                0x000006f2       0x4e MCAL/EXTI/EXTI_prog.o
                0x000006f2                __vector_2
 .text.__vector_3
                0x00000740       0x4e MCAL/EXTI/EXTI_prog.o
                0x00000740                __vector_3
 .text.TIM0_voidFastPWM
                0x0000078e       0x2a MCAL/TIM0/TIM0_prog.o
                0x0000078e                TIM0_voidFastPWM
 .text.__vector_11
                0x000007b8       0x52 MCAL/TIM0/TIM0_prog.o
                0x000007b8                __vector_11
 .text.__vector_10
                0x0000080a       0x52 MCAL/TIM0/TIM0_prog.o
                0x0000080a                __vector_10
 .text.TIM1_voidStop
                0x0000085c       0x14 MCAL/TIM1/TIM1_prog.o
                0x0000085c                TIM1_voidStop
 .text.TIM1_voidReset
                0x00000870        0x6 MCAL/TIM1/TIM1_prog.o
                0x00000870                TIM1_voidReset
 .text.TIM1_voidSetOCRVal
                0x00000876        0x6 MCAL/TIM1/TIM1_prog.o
                0x00000876                TIM1_voidSetOCRVal
 .text.TIM1_voidFastPWMICR1
                0x0000087c       0x78 MCAL/TIM1/TIM1_prog.o
                0x0000087c                TIM1_voidFastPWMICR1
 .text.TIM1_voidICUDutyCycle
                0x000008f4       0x48 MCAL/TIM1/TIM1_prog.o
                0x000008f4                TIM1_voidICUDutyCycle
 .text.TIM2_voidFastPWM
                0x0000093c       0x2a MCAL/TIM2/TIM2_prog.o
                0x0000093c                TIM2_voidFastPWM
 .text.__vector_5
                0x00000966       0x52 MCAL/TIM2/TIM2_prog.o
                0x00000966                __vector_5
 .text.__vector_4
                0x000009b8       0x52 MCAL/TIM2/TIM2_prog.o
                0x000009b8                __vector_4
 .text.UART_voidInit
                0x00000a0a       0x2e MCAL/UART/UART_prog.o
                0x00000a0a                UART_voidInit
 .text.UART_voidTx
                0x00000a38        0x8 MCAL/UART/UART_prog.o
                0x00000a38                UART_voidTx
 .text.UART_voidSendString
                0x00000a40       0x1a MCAL/UART/UART_prog.o
                0x00000a40                UART_voidSendString
 .text.avr-libc.fplib
                0x00000a5a        0xe c:/program files (x86)/atmel/studio/7.0/toolchain/avr8/avr8-gnu-toolchain/bin/../lib/gcc/avr/5.4.0/../../../../avr/lib/avr5\libm.a(addsf3.o)
                0x00000a5a                __subsf3
                0x00000a5c                __addsf3
 .text.avr-libc.fplib
                0x00000a68       0xcc c:/program files (x86)/atmel/studio/7.0/toolchain/avr8/avr8-gnu-toolchain/bin/../lib/gcc/avr/5.4.0/../../../../avr/lib/avr5\libm.a(addsf3x.o)
                0x00000a8a                __addsf3x
 .text.avr-libc.fplib
                0x00000b34        0x8 c:/program files (x86)/atmel/studio/7.0/toolchain/avr8/avr8-gnu-toolchain/bin/../lib/gcc/avr/5.4.0/../../../../avr/lib/avr5\libm.a(divsf3.o)
                0x00000b34                __divsf3
 .text.avr-libc.fplib
                0x00000b3c       0xdc c:/program files (x86)/atmel/studio/7.0/toolchain/avr8/avr8-gnu-toolchain/bin/../lib/gcc/avr/5.4.0/../../../../avr/lib/avr5\libm.a(divsf3x.o)
                0x00000b5c                __divsf3x
                0x00000b62                __divsf3_pse
 .text.avr-libc.fplib
                0x00000c18       0x5e c:/program files (x86)/atmel/studio/7.0/toolchain/avr8/avr8-gnu-toolchain/bin/../lib/gcc/avr/5.4.0/../../../../avr/lib/avr5\libm.a(fixunssfsi.o)
                0x00000c18                __fixunssfsi
 .text.avr-libc.fplib
                0x00000c76       0x7a c:/program files (x86)/atmel/studio/7.0/toolchain/avr8/avr8-gnu-toolchain/bin/../lib/gcc/avr/5.4.0/../../../../avr/lib/avr5\libm.a(floatsisf.o)
                0x00000c76                __floatunsisf
                0x00000c7a                __floatsisf
 .text.avr-libc.fplib
                0x00000cf0        0xc c:/program files (x86)/atmel/studio/7.0/toolchain/avr8/avr8-gnu-toolchain/bin/../lib/gcc/avr/5.4.0/../../../../avr/lib/avr5\libm.a(fp_inf.o)
                0x00000cf0                __fp_inf
 .text.avr-libc.fplib
                0x00000cfc        0x6 c:/program files (x86)/atmel/studio/7.0/toolchain/avr8/avr8-gnu-toolchain/bin/../lib/gcc/avr/5.4.0/../../../../avr/lib/avr5\libm.a(fp_nan.o)
                0x00000cfc                __fp_nan
 .text.avr-libc.fplib
                0x00000d02        0xe c:/program files (x86)/atmel/studio/7.0/toolchain/avr8/avr8-gnu-toolchain/bin/../lib/gcc/avr/5.4.0/../../../../avr/lib/avr5\libm.a(fp_pscA.o)
                0x00000d02                __fp_pscA
 .text.avr-libc.fplib
                0x00000d10        0xe c:/program files (x86)/atmel/studio/7.0/toolchain/avr8/avr8-gnu-toolchain/bin/../lib/gcc/avr/5.4.0/../../../../avr/lib/avr5\libm.a(fp_pscB.o)
                0x00000d10                __fp_pscB
 .text.avr-libc.fplib
                0x00000d1e       0x22 c:/program files (x86)/atmel/studio/7.0/toolchain/avr8/avr8-gnu-toolchain/bin/../lib/gcc/avr/5.4.0/../../../../avr/lib/avr5\libm.a(fp_round.o)
                0x00000d1e                __fp_round
 .text.avr-libc.fplib
                0x00000d40       0x44 c:/program files (x86)/atmel/studio/7.0/toolchain/avr8/avr8-gnu-toolchain/bin/../lib/gcc/avr/5.4.0/../../../../avr/lib/avr5\libm.a(fp_split3.o)
                0x00000d40                __fp_split3
                0x00000d50                __fp_splitA
 .text.avr-libc.fplib
                0x00000d84        0xe c:/program files (x86)/atmel/studio/7.0/toolchain/avr8/avr8-gnu-toolchain/bin/../lib/gcc/avr/5.4.0/../../../../avr/lib/avr5\libm.a(fp_zero.o)
                0x00000d84                __fp_zero
                0x00000d86                __fp_szero
 .text.avr-libc.fplib
                0x00000d92        0x8 c:/program files (x86)/atmel/studio/7.0/toolchain/avr8/avr8-gnu-toolchain/bin/../lib/gcc/avr/5.4.0/../../../../avr/lib/avr5\libm.a(mulsf3.o)
                0x00000d92                __mulsf3
 .text.avr-libc.fplib
                0x00000d9a       0xd2 c:/program files (x86)/atmel/studio/7.0/toolchain/avr8/avr8-gnu-toolchain/bin/../lib/gcc/avr/5.4.0/../../../../avr/lib/avr5\libm.a(mulsf3x.o)
                0x00000db8                __mulsf3x
                0x00000dbe                __mulsf3_pse
 .text.libgcc.div
                0x00000e6c       0x44 c:/program files (x86)/atmel/studio/7.0/toolchain/avr8/avr8-gnu-toolchain/bin/../lib/gcc/avr/5.4.0/avr5\libgcc.a(_udivmodsi4.o)
                0x00000e6c                __udivmodsi4
 .text.libgcc.mul
                0x00000eb0       0x1e c:/program files (x86)/atmel/studio/7.0/toolchain/avr8/avr8-gnu-toolchain/bin/../lib/gcc/avr/5.4.0/avr5\libgcc.a(_umulhisi3.o)
                0x00000eb0                __umulhisi3
                0x00000ece                . = ALIGN (0x2)
 *(.fini9)
 .fini9         0x00000ece        0x0 c:/program files (x86)/atmel/studio/7.0/toolchain/avr8/avr8-gnu-toolchain/bin/../lib/gcc/avr/5.4.0/avr5\libgcc.a(_exit.o)
                0x00000ece                _exit
                0x00000ece                exit
 *(.fini9)
 *(.fini8)
 *(.fini8)
 *(.fini7)
 *(.fini7)
 *(.fini6)
 *(.fini6)
 *(.fini5)
 *(.fini5)
 *(.fini4)
 *(.fini4)
 *(.fini3)
 *(.fini3)
 *(.fini2)
 *(.fini2)
 *(.fini1)
 *(.fini1)
 *(.fini0)
 .fini0         0x00000ece        0x4 c:/program files (x86)/atmel/studio/7.0/toolchain/avr8/avr8-gnu-toolchain/bin/../lib/gcc/avr/5.4.0/avr5\libgcc.a(_exit.o)
 *(.fini0)
                0x00000ed2                _etext = .

.data           0x00800060       0x1e load address 0x00000ed2
                0x00800060                PROVIDE (__data_start, .)
 *(.data)
 *(.data*)
 *(.gnu.linkonce.d*)
 *(.rodata)
 *(.rodata*)
 .rodata.str1.1
                0x00800060       0x1e APP/main.o
 *(.gnu.linkonce.r*)
                0x0080007e                . = ALIGN (0x2)
                0x0080007e                _edata = .
                0x0080007e                PROVIDE (__data_end, .)

.bss            0x0080007e       0x12
                0x0080007e                PROVIDE (__bss_start, .)
 *(.bss)
 *(.bss*)
 .bss.ADC_u16Result
                0x0080007e        0x2 MCAL/ADC/ADC_prog.o
 .bss.ADC_INT_PTR
                0x00800080        0x2 MCAL/ADC/ADC_prog.o
 .bss.INT_PTR   0x00800082        0x6 MCAL/EXTI/EXTI_prog.o
                0x00800082                INT_PTR
 .bss.TIM0_PTR  0x00800088        0x4 MCAL/TIM0/TIM0_prog.o
                0x00800088                TIM0_PTR
 .bss.TIM2_PTR  0x0080008c        0x4 MCAL/TIM2/TIM2_prog.o
                0x0080008c                TIM2_PTR
 *(COMMON)
                0x00800090                PROVIDE (__bss_end, .)
                0x00000ed2                __data_load_start = LOADADDR (.data)
                0x00000ef0                __data_load_end = (__data_load_start + SIZEOF (.data))

.noinit         0x00800090        0x0
                [!provide]                PROVIDE (__noinit_start, .)
 *(.noinit*)
                [!provide]                PROVIDE (__noinit_end, .)
                0x00800090                _end = .
                [!provide]                PROVIDE (__heap_start, .)

.eeprom         0x00810000        0x0
 *(.eeprom*)
                0x00810000                __eeprom_end = .

.fuse
 *(.fuse)
 *(.lfuse)
 *(.hfuse)
 *(.efuse)

.lock
 *(.lock*)

.signature
 *(.signature*)

.user_signatures
 *(.user_signatures*)

.stab
 *(.stab)

.stabstr
 *(.stabstr)

.stab.excl
 *(.stab.excl)

.stab.exclstr
 *(.stab.exclstr)

.stab.index
 *(.stab.index)

.stab.indexstr
 *(.stab.indexstr)

.comment        0x00000000       0x30
 *(.comment)
 .comment       0x00000000       0x30 APP/main.o
                                 0x31 (size before relaxing)
 .comment       0x00000030       0x31 HAL/DC_MOTOR/DC_MOTOR_prog.o
 .comment       0x00000030       0x31 HAL/LED/LED_prog.o
 .comment       0x00000030       0x31 HAL/SERVO_MOTOR/SERVO_MOTOR_prog.o
 .comment       0x00000030       0x31 HAL/ULTRASONIC/ULTRASONIC_prog.o
 .comment       0x00000030       0x31 MCAL/ADC/ADC_prog.o
 .comment       0x00000030       0x31 MCAL/DIO/DIO_prog.o
 .comment       0x00000030       0x31 MCAL/EXTI/EXTI_prog.o
 .comment       0x00000030       0x31 MCAL/TIM0/TIM0_prog.o
 .comment       0x00000030       0x31 MCAL/TIM1/TIM1_prog.o
 .comment       0x00000030       0x31 MCAL/TIM2/TIM2_prog.o
 .comment       0x00000030       0x31 MCAL/UART/UART_prog.o

.note.gnu.avr.deviceinfo
                0x00000000       0x3c
 .note.gnu.avr.deviceinfo
                0x00000000       0x3c C:/Program Files (x86)/Atmel/Studio/7.0/Packs/atmel/ATmega_DFP/1.7.374/gcc/dev/atmega32/avr5/crtatmega32.o

.note.gnu.build-id
 *(.note.gnu.build-id)

.debug
 *(.debug)

.line
 *(.line)

.debug_srcinfo
 *(.debug_srcinfo)

.debug_sfnames
 *(.debug_sfnames)

.debug_aranges  0x00000000      0x330
 *(.debug_aranges)
 .debug_aranges
                0x00000000       0x50 APP/main.o
 .debug_aranges
                0x00000050       0x60 HAL/DC_MOTOR/DC_MOTOR_prog.o
 .debug_aranges
                0x000000b0       0x30 HAL/LED/LED_prog.o
 .debug_aranges
                0x000000e0       0x20 HAL/SERVO_MOTOR/SERVO_MOTOR_prog.o
 .debug_aranges
                0x00000100       0x20 HAL/ULTRASONIC/ULTRASONIC_prog.o
 .debug_aranges
                0x00000120       0x38 MCAL/ADC/ADC_prog.o
 .debug_aranges
                0x00000158       0x48 MCAL/DIO/DIO_prog.o
 .debug_aranges
                0x000001a0       0x70 MCAL/EXTI/EXTI_prog.o
 .debug_aranges
                0x00000210       0x48 MCAL/TIM0/TIM0_prog.o
 .debug_aranges
                0x00000258       0x58 MCAL/TIM1/TIM1_prog.o
 .debug_aranges
                0x000002b0       0x48 MCAL/TIM2/TIM2_prog.o
 .debug_aranges
                0x000002f8       0x38 MCAL/UART/UART_prog.o

.debug_pubnames
 *(.debug_pubnames)

.debug_info     0x00000000     0x261d
 *(.debug_info .gnu.linkonce.wi.*)
 .debug_info    0x00000000      0x4e6 C:/Program Files (x86)/Atmel/Studio/7.0/Packs/atmel/ATmega_DFP/1.7.374/gcc/dev/atmega32/avr5/crtatmega32.o
 .debug_info    0x000004e6      0x7a1 APP/main.o
 .debug_info    0x00000c87      0x9ba HAL/DC_MOTOR/DC_MOTOR_prog.o
 .debug_info    0x00001641      0x1f5 HAL/LED/LED_prog.o
 .debug_info    0x00001836       0xbb HAL/SERVO_MOTOR/SERVO_MOTOR_prog.o
 .debug_info    0x000018f1      0x25f HAL/ULTRASONIC/ULTRASONIC_prog.o
 .debug_info    0x00001b50      0x15d MCAL/ADC/ADC_prog.o
 .debug_info    0x00001cad      0x1e9 MCAL/DIO/DIO_prog.o
 .debug_info    0x00001e96      0x1e2 MCAL/EXTI/EXTI_prog.o
 .debug_info    0x00002078      0x167 MCAL/TIM0/TIM0_prog.o
 .debug_info    0x000021df      0x1c7 MCAL/TIM1/TIM1_prog.o
 .debug_info    0x000023a6      0x167 MCAL/TIM2/TIM2_prog.o
 .debug_info    0x0000250d      0x110 MCAL/UART/UART_prog.o

.debug_abbrev   0x00000000      0xe9b
 *(.debug_abbrev)
 .debug_abbrev  0x00000000      0x4a3 C:/Program Files (x86)/Atmel/Studio/7.0/Packs/atmel/ATmega_DFP/1.7.374/gcc/dev/atmega32/avr5/crtatmega32.o
 .debug_abbrev  0x000004a3      0x14d APP/main.o
 .debug_abbrev  0x000005f0       0xb2 HAL/DC_MOTOR/DC_MOTOR_prog.o
 .debug_abbrev  0x000006a2       0x98 HAL/LED/LED_prog.o
 .debug_abbrev  0x0000073a       0x7f HAL/SERVO_MOTOR/SERVO_MOTOR_prog.o
 .debug_abbrev  0x000007b9      0x12d HAL/ULTRASONIC/ULTRASONIC_prog.o
 .debug_abbrev  0x000008e6       0xdc MCAL/ADC/ADC_prog.o
 .debug_abbrev  0x000009c2       0xb4 MCAL/DIO/DIO_prog.o
 .debug_abbrev  0x00000a76       0xd4 MCAL/EXTI/EXTI_prog.o
 .debug_abbrev  0x00000b4a       0xd4 MCAL/TIM0/TIM0_prog.o
 .debug_abbrev  0x00000c1e       0xd1 MCAL/TIM1/TIM1_prog.o
 .debug_abbrev  0x00000cef       0xd4 MCAL/TIM2/TIM2_prog.o
 .debug_abbrev  0x00000dc3       0xd8 MCAL/UART/UART_prog.o

.debug_line     0x00000000     0x1766
 *(.debug_line .debug_line.* .debug_line_end)
 .debug_line    0x00000000      0x116 C:/Program Files (x86)/Atmel/Studio/7.0/Packs/atmel/ATmega_DFP/1.7.374/gcc/dev/atmega32/avr5/crtatmega32.o
 .debug_line    0x00000116      0x44a APP/main.o
 .debug_line    0x00000560      0x3ad HAL/DC_MOTOR/DC_MOTOR_prog.o
 .debug_line    0x0000090d       0xf8 HAL/LED/LED_prog.o
 .debug_line    0x00000a05       0xca HAL/SERVO_MOTOR/SERVO_MOTOR_prog.o
 .debug_line    0x00000acf      0x222 HAL/ULTRASONIC/ULTRASONIC_prog.o
 .debug_line    0x00000cf1      0x146 MCAL/ADC/ADC_prog.o
 .debug_line    0x00000e37      0x1dc MCAL/DIO/DIO_prog.o
 .debug_line    0x00001013      0x1c8 MCAL/EXTI/EXTI_prog.o
 .debug_line    0x000011db      0x154 MCAL/TIM0/TIM0_prog.o
 .debug_line    0x0000132f      0x1de MCAL/TIM1/TIM1_prog.o
 .debug_line    0x0000150d      0x14e MCAL/TIM2/TIM2_prog.o
 .debug_line    0x0000165b      0x10b MCAL/UART/UART_prog.o

.debug_frame    0x00000000      0x7e8
 *(.debug_frame)
 .debug_frame   0x00000000       0x98 APP/main.o
 .debug_frame   0x00000098       0xd4 HAL/DC_MOTOR/DC_MOTOR_prog.o
 .debug_frame   0x0000016c       0x68 HAL/LED/LED_prog.o
 .debug_frame   0x000001d4       0x24 HAL/SERVO_MOTOR/SERVO_MOTOR_prog.o
 .debug_frame   0x000001f8       0x34 HAL/ULTRASONIC/ULTRASONIC_prog.o
 .debug_frame   0x0000022c       0x9c MCAL/ADC/ADC_prog.o
 .debug_frame   0x000002c8       0x74 MCAL/DIO/DIO_prog.o
 .debug_frame   0x0000033c      0x19c MCAL/EXTI/EXTI_prog.o
 .debug_frame   0x000004d8      0x104 MCAL/TIM0/TIM0_prog.o
 .debug_frame   0x000005dc       0xa8 MCAL/TIM1/TIM1_prog.o
 .debug_frame   0x00000684      0x104 MCAL/TIM2/TIM2_prog.o
 .debug_frame   0x00000788       0x60 MCAL/UART/UART_prog.o

.debug_str      0x00000000      0xa4e
 *(.debug_str)
 .debug_str     0x00000000      0x196 C:/Program Files (x86)/Atmel/Studio/7.0/Packs/atmel/ATmega_DFP/1.7.374/gcc/dev/atmega32/avr5/crtatmega32.o
 .debug_str     0x00000196      0x2f3 APP/main.o
                                0x32c (size before relaxing)
 .debug_str     0x00000489       0xd3 HAL/DC_MOTOR/DC_MOTOR_prog.o
                                0x29d (size before relaxing)
 .debug_str     0x0000055c       0x9d HAL/LED/LED_prog.o
                                0x1e7 (size before relaxing)
 .debug_str     0x000005f9       0x49 HAL/SERVO_MOTOR/SERVO_MOTOR_prog.o
                                0x1b2 (size before relaxing)
 .debug_str     0x00000642       0x6f HAL/ULTRASONIC/ULTRASONIC_prog.o
                                0x251 (size before relaxing)
 .debug_str     0x000006b1       0x94 MCAL/ADC/ADC_prog.o
                                0x1fb (size before relaxing)
 .debug_str     0x00000745       0x6e MCAL/DIO/DIO_prog.o
                                0x219 (size before relaxing)
 .debug_str     0x000007b3       0xfa MCAL/EXTI/EXTI_prog.o
                                0x25d (size before relaxing)
 .debug_str     0x000008ad       0x8a MCAL/TIM0/TIM0_prog.o
                                0x208 (size before relaxing)
 .debug_str     0x00000937       0x7f MCAL/TIM1/TIM1_prog.o
                                0x233 (size before relaxing)
 .debug_str     0x000009b6       0x69 MCAL/TIM2/TIM2_prog.o
                                0x206 (size before relaxing)
 .debug_str     0x00000a1f       0x2f MCAL/UART/UART_prog.o
                                0x1a5 (size before relaxing)

.debug_loc      0x00000000     0x155e
 *(.debug_loc)
 .debug_loc     0x00000000      0x459 APP/main.o
 .debug_loc     0x00000459      0x1d4 HAL/DC_MOTOR/DC_MOTOR_prog.o
 .debug_loc     0x0000062d      0x195 HAL/LED/LED_prog.o
 .debug_loc     0x000007c2       0x2e HAL/SERVO_MOTOR/SERVO_MOTOR_prog.o
 .debug_loc     0x000007f0      0x107 HAL/ULTRASONIC/ULTRASONIC_prog.o
 .debug_loc     0x000008f7      0x10d MCAL/ADC/ADC_prog.o
 .debug_loc     0x00000a04      0x311 MCAL/DIO/DIO_prog.o
 .debug_loc     0x00000d15      0x363 MCAL/EXTI/EXTI_prog.o
 .debug_loc     0x00001078      0x1b7 MCAL/TIM0/TIM0_prog.o
 .debug_loc     0x0000122f      0x121 MCAL/TIM1/TIM1_prog.o
 .debug_loc     0x00001350      0x1b7 MCAL/TIM2/TIM2_prog.o
 .debug_loc     0x00001507       0x57 MCAL/UART/UART_prog.o

.debug_macinfo
 *(.debug_macinfo)

.debug_weaknames
 *(.debug_weaknames)

.debug_funcnames
 *(.debug_funcnames)

.debug_typenames
 *(.debug_typenames)

.debug_varnames
 *(.debug_varnames)

.debug_pubtypes
 *(.debug_pubtypes)

.debug_ranges   0x00000000      0x270
 *(.debug_ranges)
 .debug_ranges  0x00000000       0x40 APP/main.o
 .debug_ranges  0x00000040       0x50 HAL/DC_MOTOR/DC_MOTOR_prog.o
 .debug_ranges  0x00000090       0x20 HAL/LED/LED_prog.o
 .debug_ranges  0x000000b0       0x10 HAL/SERVO_MOTOR/SERVO_MOTOR_prog.o
 .debug_ranges  0x000000c0       0x10 HAL/ULTRASONIC/ULTRASONIC_prog.o
 .debug_ranges  0x000000d0       0x28 MCAL/ADC/ADC_prog.o
 .debug_ranges  0x000000f8       0x38 MCAL/DIO/DIO_prog.o
 .debug_ranges  0x00000130       0x60 MCAL/EXTI/EXTI_prog.o
 .debug_ranges  0x00000190       0x38 MCAL/TIM0/TIM0_prog.o
 .debug_ranges  0x000001c8       0x48 MCAL/TIM1/TIM1_prog.o
 .debug_ranges  0x00000210       0x38 MCAL/TIM2/TIM2_prog.o
 .debug_ranges  0x00000248       0x28 MCAL/UART/UART_prog.o

.debug_macro
 *(.debug_macro)
OUTPUT(Application.elf elf32-avr)
LOAD linker stubs
